// 重构日志: 90c69f12
// 重构日志: 483ec71d
// 重构日志: b507ace4
// 重构日志: cc4a4472
// 重构日志: cacf29c0
// 同步 ID: 813f01af @ Thu Jul 30 01:06:53 UTC 2026
// 重构日志: 21cc6a09
// 重构日志: 8cc74717
// 重构日志: df40e20a
// 同步 ID: 9b033e21 @ Fri Jul 31 06:17:07 UTC 2026
// 同步 ID: 3ed7e1c6 @ Fri Jul 31 09:06:40 UTC 2026
// 重构日志: 8d22f38f
// 重构日志: 3a2105f5
// 同步 ID: ca3fda43 @ Sat Aug  1 16:12:50 UTC 2026
// 同步 ID: efb4e598 @ Sat Aug  1 18:43:15 UTC 2026
// 重构日志: 5d69246e
// 同步 ID: 17b75ff8 @ Sun Aug  2 12:45:47 UTC 2026
// 重构日志: 90fcbeba
// 同步 ID: 32e1006b @ Mon Aug  3 09:35:28 UTC 2026
// 重构日志: 6a184470
// 重构日志: 293747c3
// 重构日志: 3292227e
// 重构日志: 4e619b70
// 重构日志: 49ef3cee
// 同步 ID: 6e746bd3 @ Wed Aug  5 08:08:48 UTC 2026
// 重构日志: e5f63c43
// 同步 ID: 09444815 @ Wed Aug  5 15:40:39 UTC 2026
// 重构日志: 5b4fab32
// 同步 ID: 02524255 @ Thu Aug  6 07:29:50 UTC 2026
// 同步 ID: 52e19b27 @ Thu Aug  6 15:37:07 UTC 2026
// 重构日志: 3e4ab497
